// Jest Snapshot v1, https://goo.gl/fbAQLP

exports[`identity default 1`] = `
Object {
  "Resources": Object {
    "IamRoleA750FF82": Object {
      "Properties": Object {
        "AssumeRolePolicyDocument": Object {
          "Statement": Array [
            Object {
              "Action": "sts:AssumeRole",
              "Effect": "Allow",
              "Principal": Object {
                "Service": Object {
                  "Fn::Join": Array [
                    "",
                    Array [
                      "ec2.",
                      Object {
                        "Ref": "AWS::URLSuffix",
                      },
                    ],
                  ],
                },
              },
            },
          ],
          "Version": "2012-10-17",
        },
        "ManagedPolicyArns": Array [
          Object {
            "Fn::Join": Array [
              "",
              Array [
                "arn:",
                Object {
                  "Ref": "AWS::Partition",
                },
                ":iam::aws:policy/service-role/AmazonEC2RoleforSSM",
              ],
            ],
          },
        ],
        "RoleName": "ssprj-ssstage-app",
      },
      "Type": "AWS::IAM::Role",
    },
  },
}
`;
